<?xml version="1.0" encoding="utf-8"?><testsuites><testsuite name="pytest" errors="0" failures="0" skipped="0" tests="67" time="0.164" timestamp="2023-07-19T22:10:00.018392" hostname="Macbook-Air-de-Danny.local"><testcase classname="tests.test_sytems.TestGetMealPrice" name="test_valid_meal_price" time="0.001" /><testcase classname="tests.test_sytems.TestGetMealPrice" name="test_first_meal_price" time="0.000" /><testcase classname="tests.test_sytems.TestGetMealPrice" name="test_last_meal_price" time="0.000" /><testcase classname="tests.test_sytems.TestGetMealPrice" name="test_empty_meal_price" time="0.000" /><testcase classname="tests.test_sytems.TestGetMealPrice" name="test_invalid_meal_price" time="0.000" /><testcase classname="tests.test_sytems.TestGetMealPrice" name="test_negative_price" time="0.000" /><testcase classname="tests.test_sytems.TestGetTotalMealsQty" name="test_single_meal_type" time="0.000" /><testcase classname="tests.test_sytems.TestGetTotalMealsQty" name="test_multiple_meal_types" time="0.000" /><testcase classname="tests.test_sytems.TestGetTotalMealsQty" name="test_empty_dictionary" time="0.000" /><testcase classname="tests.test_sytems.TestGetTotalMealsQty" name="test_meal_type_quantity_zero" time="0.000" /><testcase classname="tests.test_sytems.TestGetTotalMealsQty" name="test_meal_type_quantity_negative" time="0.000" /><testcase classname="tests.test_sytems.TestGetTotalMealsQty" name="test_meal_type_quantity_decimal" time="0.000" /><testcase classname="tests.test_sytems.TestCalcMealTotalCost" name="test_valid_meal_and_quantity" time="0.000" /><testcase classname="tests.test_sytems.TestCalcMealTotalCost" name="test_zero_cost_and_quantity" time="0.000" /><testcase classname="tests.test_sytems.TestCalcMealTotalCost" name="test_nonexistent_meal" time="0.000" /><testcase classname="tests.test_sytems.TestCalcMealTotalCost" name="test_negative_quantity" time="0.000" /><testcase classname="tests.test_sytems.TestCalcMealTotalCost" name="test_float_quantity" time="0.000" /><testcase classname="tests.test_sytems.TestCalcQtyDiscount" name="test_qty_discount_between_6_and_9" time="0.000" /><testcase classname="tests.test_sytems.TestCalcQtyDiscount" name="test_qty_discount_equal_to_5" time="0.000" /><testcase classname="tests.test_sytems.TestCalcQtyDiscount" name="test_qty_discount_greater_than_10" time="0.000" /><testcase classname="tests.test_sytems.TestCalcQtyDiscount" name="test_qty_discount_equal_to_0" time="0.000" /><testcase classname="tests.test_sytems.TestCalcQtyDiscount" name="test_qty_discount_less_than_0" time="0.000" /><testcase classname="tests.test_sytems.TestCalcQtyDiscount" name="test_qty_discount_non_integer_values" time="0.000" /><testcase classname="tests.test_sytems.TestCalcSpecialDiscount" name="test_no_meals" time="0.000" /><testcase classname="tests.test_sytems.TestCalcSpecialDiscount" name="test_total_cost_less_than_50" time="0.000" /><testcase classname="tests.test_sytems.TestCalcSpecialDiscount" name="test_total_cost_between_50_and_100" time="0.000" /><testcase classname="tests.test_sytems.TestCalcSpecialDiscount" name="test_total_cost_greater_than_100" time="0.000" /><testcase classname="tests.test_sytems.TestCalcFinalTotalCost" name="test_happy_path_one_meal" time="0.000" /><testcase classname="tests.test_sytems.TestCalcFinalTotalCost" name="test_edge_case_empty_dict" time="0.000" /><testcase classname="tests.test_sytems.TestCalcFinalTotalCost" name="test_edge_case_invalid_meals" time="0.000" /><testcase classname="tests.test_sytems.TestCalcFinalTotalCost" name="test_edge_case_negative_quantities" time="0.000" /><testcase classname="tests.test_sytems.TestValidateMeal" name="test_valid_index" time="0.000" /><testcase classname="tests.test_sytems.TestValidateMeal" name="test_last_valid_index" time="0.000" /><testcase classname="tests.test_sytems.TestValidateMeal" name="test_first_valid_index" time="0.000" /><testcase classname="tests.test_sytems.TestValidateMeal" name="test_negative_index" time="0.000" /><testcase classname="tests.test_sytems.TestValidateMeal" name="test_index_greater_than_last_valid" time="0.000" /><testcase classname="tests.test_sytems.TestValidateMeal" name="test_index_less_than_negative_one" time="0.000" /><testcase classname="tests.test_sytems.TestValidateMeal" name="test_large_integer_input" time="0.000" /><testcase classname="tests.test_sytems.TestValidateAmount" name="test_happy_path_total_less_than_100" time="0.000" /><testcase classname="tests.test_sytems.TestValidateAmount" name="test_happy_path_total_equal_to_100" time="0.000" /><testcase classname="tests.test_sytems.TestValidateAmount" name="test_edge_case_total_greater_than_100" time="0.000" /><testcase classname="tests.test_sytems.TestValidateAmount" name="test_edge_case_empty_client_order" time="0.000" /><testcase classname="tests.test_sytems.TestValidateAmount" name="test_general_behaviour_decimal_amounts" time="0.000" /><testcase classname="tests.test_sytems.TestValidateAmount" name="test_multiple_items" time="0.000" /><testcase classname="tests.test_sytems.TestValidateQty" name="test_positive_qty" time="0.000" /><testcase classname="tests.test_sytems.TestValidateQty" name="test_zero_qty" time="0.000" /><testcase classname="tests.test_sytems.TestValidateQty" name="test_max_qty" time="0.000" /><testcase classname="tests.test_sytems.TestValidateQty" name="test_large_qty" time="0.000" /><testcase classname="tests.test_sytems.TestValidateQty" name="test_negative_qty" time="0.000" /><testcase classname="tests.test_sytems.TestValidateQty" name="test_invalid_qty_with_order" time="0.000" /><testcase classname="tests.test_sytems.TestValidateQty" name="test_empty_client_order" time="0.000" /><testcase classname="tests.test_sytems.TestCalcMealsSurcharge" name="test_happy_path_only_special_meals" time="0.000" /><testcase classname="tests.test_sytems.TestCalcMealsSurcharge" name="test_happy_path_only_regular_meals" time="0.001" /><testcase classname="tests.test_sytems.TestCalcMealsSurcharge" name="test_edge_case_empty_client_order" time="0.004" /><testcase classname="tests.test_sytems.TestCalcMealsSurcharge" name="test_edge_case_special_meal_with_zero_quantity" time="0.007" /><testcase classname="tests.test_sytems.TestChangeOrder" name="test_modify_existing_meal" time="0.001" /><testcase classname="tests.test_sytems.TestChangeOrder" name="test_invalid_meal_index" time="0.022" /><testcase classname="tests.test_sytems.TestChangeOrder" name="test_invalid_option" time="0.001" /><testcase classname="tests.test_sytems.TestChangeOrder" name="test_remove_nonexistent_meal" time="0.001" /><testcase classname="tests.test_sytems.TestRemoveMeal" name="test_remove_non_existing_meal" time="0.000" /><testcase classname="tests.test_sytems.TestRemoveMeal" name="test_remove_meal_none" time="0.000" /><testcase classname="tests.test_sytems.TestRemoveMeal" name="test_remove_meal_empty_string" time="0.000" /><testcase classname="tests.test_sytems.TestRemoveMeal" name="test_remove_meal_not_string" time="0.000" /><testcase classname="tests.test_sytems.TestRemoveMeal" name="test_remove_meal_empty_client_order" time="0.000" /><testcase classname="tests.test_sytems.TestModifyMeal" name="test_happy_path_new_amount" time="0.019" /><testcase classname="tests.test_sytems.TestModifyMeal" name="test_happy_path_total_amount" time="0.001" /><testcase classname="tests.test_sytems.TestModifyMeal" name="test_edge_case_total_amount" time="0.008" /></testsuite></testsuites>